// Jest Snapshot v1, https://jestjs.io/docs/snapshot-testing

exports[`babel-plugin-visibility-attr snapshot test 1`] = `"condition && /*#__PURE__*/React.createElement(Box, null);"`;
